

Nov  4 20:39 1997  tree.h Page 1


        typedef int ElementType;

/* START: fig4_16.txt */
        #ifndef _Tree_H
        #define _Tree_H

        struct TreeNode;
        typedef struct TreeNode *Position;
        typedef struct TreeNode *SearchTree;

        SearchTree MakeEmpty( SearchTree T );
        Position Find( ElementType X, SearchTree T );
        Position FindMin( SearchTree T );
        Position FindMax( SearchTree T );
        SearchTree Insert( ElementType X, SearchTree T );
        SearchTree Delete( ElementType X, SearchTree T );
        ElementType Retrieve( Position P );

        #endif  /* _Tree_H */

/* END */










































Aug 12 15:27 1996  tree.c Page 1


        #include "tree.h"
        #include <stdlib.h>
        #include "fatal.h"

        struct TreeNode
        {
            ElementType Element;
            SearchTree  Left;
            SearchTree  Right;
        };

/* START: fig4_17.txt */
        SearchTree
        MakeEmpty( SearchTree T )
        {
            if( T != NULL )
            {
                MakeEmpty( T->Left );
                MakeEmpty( T->Right );
                free( T );
            }
            return NULL;
        }
/* END */

/* START: fig4_18.txt */
        Position
        Find( ElementType X, SearchTree T )
        {
            if( T == NULL )
                return NULL;
            if( X < T->Element )
                return Find( X, T->Left );
            else
            if( X > T->Element )
                return Find( X, T->Right );
            else
                return T;
        }
/* END */

/* START: fig4_19.txt */
        Position
        FindMin( SearchTree T )
        {
            if( T == NULL )
                return NULL;
            else
            if( T->Left == NULL )
                return T;
            else
                return FindMin( T->Left );
        }
/* END */

/* START: fig4_20.txt */







Aug 12 15:27 1996  tree.c Page 2


        Position
        FindMax( SearchTree T )
        {
            if( T != NULL )
                while( T->Right != NULL )
                    T = T->Right;

            return T;
        }
/* END */

/* START: fig4_22.txt */
        SearchTree
        Insert( ElementType X, SearchTree T )
        {
/* 1*/      if( T == NULL )
            {
                /* Create and return a one-node tree */
/* 2*/          T = malloc( sizeof( struct TreeNode ) );
/* 3*/          if( T == NULL )
/* 4*/              FatalError( "Out of space!!!" );
                else
                {
/* 5*/              T->Element = X;
/* 6*/              T->Left = T->Right = NULL;
                }
            }
            else
/* 7*/      if( X < T->Element )
/* 8*/          T->Left = Insert( X, T->Left );
            else
/* 9*/      if( X > T->Element )
/*10*/          T->Right = Insert( X, T->Right );
            /* Else X is in the tree already; we'll do nothing */

/*11*/      return T;  /* Do not forget this line!! */
        }
/* END */

/* START: fig4_25.txt */
        SearchTree
        Delete( ElementType X, SearchTree T )
        {
            Position TmpCell;

            if( T == NULL )
                Error( "Element not found" );
            else
            if( X < T->Element )  /* Go left */
                T->Left = Delete( X, T->Left );
            else
            if( X > T->Element )  /* Go right */
                T->Right = Delete( X, T->Right );
            else  /* Found element to be deleted */
            if( T->Left && T->Right )  /* Two children */
            {







Aug 12 15:27 1996  tree.c Page 3


                /* Replace with smallest in right subtree */
                TmpCell = FindMin( T->Right );
                T->Element = TmpCell->Element;
                T->Right = Delete( T->Element, T->Right );
            }
            else  /* One or zero children */
            {
                TmpCell = T;
                if( T->Left == NULL ) /* Also handles 0 children */
                    T = T->Right;
                else if( T->Right == NULL )
                    T = T->Left;
                free( TmpCell );
            }

            return T;
        }
/* END */

        ElementType
        Retrieve( Position P )
        {
            return P->Element;
        }







































Aug 12 15:27 1996  testtree.c Page 1


#include "tree.h"
#include <stdio.h>

main( )
{
    SearchTree T;
    Position P;
    int i;
    int j = 0;

    T = MakeEmpty( NULL );
    for( i = 0; i < 50; i++, j = ( j + 7 ) % 50 )
        T = Insert( j, T );
    for( i = 0; i < 50; i++ )
        if( ( P = Find( i, T ) ) == NULL || Retrieve( P ) != i )
            printf( "Error at %d\n", i );

    for( i = 0; i < 50; i += 2 )
        T = Delete( i, T );

    for( i = 1; i < 50; i += 2 )
        if( ( P = Find( i, T ) ) == NULL || Retrieve( P ) != i )
            printf( "Error at %d\n", i );
    for( i = 0; i < 50; i += 2 )
        if( ( P = Find( i, T ) ) != NULL )
            printf( "Error at %d\n", i );

    printf( "Min is %d, Max is %d\n", Retrieve( FindMin( T ) ),
               Retrieve( FindMax( T ) ) );

    return 0;
}































Nov  4 20:34 1997  avltree.h Page 1


        typedef int ElementType;

/* START: fig4_35.txt */
        #ifndef _AvlTree_H
        #define _AvlTree_H

        struct AvlNode;
        typedef struct AvlNode *Position;
        typedef struct AvlNode *AvlTree;

        AvlTree MakeEmpty( AvlTree T );
        Position Find( ElementType X, AvlTree T );
        Position FindMin( AvlTree T );
        Position FindMax( AvlTree T );
        AvlTree Insert( ElementType X, AvlTree T );
        AvlTree Delete( ElementType X, AvlTree T );
        ElementType Retrieve( Position P );

        #endif  /* _AvlTree_H */
/* END */











































Aug 12 15:27 1996  avltree.c Page 1


        #include "avltree.h"
        #include <stdlib.h>
        #include "fatal.h"

        struct AvlNode
        {
            ElementType Element;
            AvlTree  Left;
            AvlTree  Right;
            int      Height;
        };

        AvlTree
        MakeEmpty( AvlTree T )
        {
            if( T != NULL )
            {
                MakeEmpty( T->Left );
                MakeEmpty( T->Right );
                free( T );
            }
            return NULL;
        }

        Position
        Find( ElementType X, AvlTree T )
        {
            if( T == NULL )
                return NULL;
            if( X < T->Element )
                return Find( X, T->Left );
            else
            if( X > T->Element )
                return Find( X, T->Right );
            else
                return T;
        }

        Position
        FindMin( AvlTree T )
        {
            if( T == NULL )
                return NULL;
            else
            if( T->Left == NULL )
                return T;
            else
                return FindMin( T->Left );
        }

        Position
        FindMax( AvlTree T )
        {
            if( T != NULL )
                while( T->Right != NULL )
                    T = T->Right;







Aug 12 15:27 1996  avltree.c Page 2



            return T;
        }

/* START: fig4_36.txt */
        static int
        Height( Position P )
        {
            if( P == NULL )
                return -1;
            else
                return P->Height;
        }
/* END */

        static int
        Max( int Lhs, int Rhs )
        {
            return Lhs > Rhs ? Lhs : Rhs;
        }

/* START: fig4_39.txt */
        /* This function can be called only if K2 has a left child */
        /* Perform a rotate between a node (K2) and its left child */
        /* Update heights, then return new root */

        static Position
        SingleRotateWithLeft( Position K2 )
        {
            Position K1;

            K1 = K2->Left;
            K2->Left = K1->Right;
            K1->Right = K2;

            K2->Height = Max( Height( K2->Left ), Height( K2->Right ) ) + 1;
            K1->Height = Max( Height( K1->Left ), K2->Height ) + 1;

            return K1;  /* New root */
        }
/* END */

        /* This function can be called only if K1 has a right child */
        /* Perform a rotate between a node (K1) and its right child */
        /* Update heights, then return new root */

        static Position
        SingleRotateWithRight( Position K1 )
        {
            Position K2;

            K2 = K1->Right;
            K1->Right = K2->Left;
            K2->Left = K1;

            K1->Height = Max( Height( K1->Left ), Height( K1->Right ) ) + 1;







Aug 12 15:27 1996  avltree.c Page 3


            K2->Height = Max( Height( K2->Right ), K1->Height ) + 1;

            return K2;  /* New root */
        }

/* START: fig4_41.txt */
        /* This function can be called only if K3 has a left */
        /* child and K3's left child has a right child */
        /* Do the left-right double rotation */
        /* Update heights, then return new root */

        static Position
        DoubleRotateWithLeft( Position K3 )
        {
            /* Rotate between K1 and K2 */
            K3->Left = SingleRotateWithRight( K3->Left );

            /* Rotate between K3 and K2 */
            return SingleRotateWithLeft( K3 );
        }
/* END */

        /* This function can be called only if K1 has a right */
        /* child and K1's right child has a left child */
        /* Do the right-left double rotation */
        /* Update heights, then return new root */

        static Position
        DoubleRotateWithRight( Position K1 )
        {
            /* Rotate between K3 and K2 */
            K1->Right = SingleRotateWithLeft( K1->Right );

            /* Rotate between K1 and K2 */
            return SingleRotateWithRight( K1 );
        }


/* START: fig4_37.txt */
        AvlTree
        Insert( ElementType X, AvlTree T )
        {
            if( T == NULL )
            {
                /* Create and return a one-node tree */
                T = malloc( sizeof( struct AvlNode ) );
                if( T == NULL )
                    FatalError( "Out of space!!!" );
                else
                {
                    T->Element = X; T->Height = 0;
                    T->Left = T->Right = NULL;
                }
            }
            else
            if( X < T->Element )







Aug 12 15:27 1996  avltree.c Page 4


            {
                T->Left = Insert( X, T->Left );
                if( Height( T->Left ) - Height( T->Right ) == 2 )
                    if( X < T->Left->Element )
                        T = SingleRotateWithLeft( T );
                    else
                        T = DoubleRotateWithLeft( T );
            }
            else
            if( X > T->Element )
            {
                T->Right = Insert( X, T->Right );
                if( Height( T->Right ) - Height( T->Left ) == 2 )
                    if( X > T->Right->Element )
                        T = SingleRotateWithRight( T );
                    else
                        T = DoubleRotateWithRight( T );
            }
            /* Else X is in the tree already; we'll do nothing */

            T->Height = Max( Height( T->Left ), Height( T->Right ) ) + 1;
            return T;
        }
/* END */

        AvlTree
        Delete( ElementType X, AvlTree T )
        {
            printf( "Sorry; Delete is unimplemented; %d remains\n", X );
            return T;
        }

        ElementType
        Retrieve( Position P )
        {
            return P->Element;
        }


























Aug 12 15:27 1996  testavl.c Page 1


#include "avltree.h"
#include <stdio.h>

main( )
{
    AvlTree T;
    Position P;
    int i;
    int j = 0;

    T = MakeEmpty( NULL );
    for( i = 0; i < 50; i++, j = ( j + 7 ) % 50 )
        T = Insert( j, T );
    for( i = 0; i < 50; i++ )
        if( ( P = Find( i, T ) ) == NULL || Retrieve( P ) != i )
            printf( "Error at %d\n", i );

 /* for( i = 0; i < 50; i += 2 )
        T = Delete( i, T );

    for( i = 1; i < 50; i += 2 )
        if( ( P = Find( i, T ) ) == NULL || Retrieve( P ) != i )
            printf( "Error at %d\n", i );
    for( i = 0; i < 50; i += 2 )
        if( ( P = Find( i, T ) ) != NULL )
            printf( "Error at %d\n", i );
*/
    printf( "Min is %d, Max is %d\n", Retrieve( FindMin( T ) ),
               Retrieve( FindMax( T ) ) );

    return 0;
}





























